openat(AT_FDCWD</home/ubuntu/cuPQC>, "/usr/local/cuda-12.8/lib64/glibc-hwcaps/x86-64-v4/libstdc++.so.6", O_RDONLY|O_CLOEXEC) = -1 ENOENT (No such file or directory)
openat(AT_FDCWD</home/ubuntu/cuPQC>, "/usr/local/cuda-12.8/lib64/glibc-hwcaps/x86-64-v3/libstdc++.so.6", O_RDONLY|O_CLOEXEC) = -1 ENOENT (No such file or directory)
openat(AT_FDCWD</home/ubuntu/cuPQC>, "/usr/local/cuda-12.8/lib64/glibc-hwcaps/x86-64-v2/libstdc++.so.6", O_RDONLY|O_CLOEXEC) = -1 ENOENT (No such file or directory)
openat(AT_FDCWD</home/ubuntu/cuPQC>, "/usr/local/cuda-12.8/lib64/libstdc++.so.6", O_RDONLY|O_CLOEXEC) = -1 ENOENT (No such file or directory)
openat(AT_FDCWD</home/ubuntu/cuPQC>, "/usr/local/cuda-13.2/lib/glibc-hwcaps/x86-64-v4/libstdc++.so.6", O_RDONLY|O_CLOEXEC) = -1 ENOENT (No such file or directory)
openat(AT_FDCWD</home/ubuntu/cuPQC>, "/usr/local/cuda-13.2/lib/glibc-hwcaps/x86-64-v3/libstdc++.so.6", O_RDONLY|O_CLOEXEC) = -1 ENOENT (No such file or directory)
openat(AT_FDCWD</home/ubuntu/cuPQC>, "/usr/local/cuda-13.2/lib/glibc-hwcaps/x86-64-v2/libstdc++.so.6", O_RDONLY|O_CLOEXEC) = -1 ENOENT (No such file or directory)
openat(AT_FDCWD</home/ubuntu/cuPQC>, "/usr/local/cuda-13.2/lib/libstdc++.so.6", O_RDONLY|O_CLOEXEC) = -1 ENOENT (No such file or directory)
openat(AT_FDCWD</home/ubuntu/cuPQC>, "/usr/local/cuda-13.2/lib64/glibc-hwcaps/x86-64-v4/libstdc++.so.6", O_RDONLY|O_CLOEXEC) = -1 ENOENT (No such file or directory)
openat(AT_FDCWD</home/ubuntu/cuPQC>, "/usr/local/cuda-13.2/lib64/glibc-hwcaps/x86-64-v3/libstdc++.so.6", O_RDONLY|O_CLOEXEC) = -1 ENOENT (No such file or directory)
openat(AT_FDCWD</home/ubuntu/cuPQC>, "/usr/local/cuda-13.2/lib64/glibc-hwcaps/x86-64-v2/libstdc++.so.6", O_RDONLY|O_CLOEXEC) = -1 ENOENT (No such file or directory)
openat(AT_FDCWD</home/ubuntu/cuPQC>, "/usr/local/cuda-13.2/lib64/libstdc++.so.6", O_RDONLY|O_CLOEXEC) = -1 ENOENT (No such file or directory)
openat(AT_FDCWD</home/ubuntu/cuPQC>, "/usr/local/cuda-13.2/glibc-hwcaps/x86-64-v4/libstdc++.so.6", O_RDONLY|O_CLOEXEC) = -1 ENOENT (No such file or directory)
openat(AT_FDCWD</home/ubuntu/cuPQC>, "/usr/local/cuda-13.2/glibc-hwcaps/x86-64-v3/libstdc++.so.6", O_RDONLY|O_CLOEXEC) = -1 ENOENT (No such file or directory)
openat(AT_FDCWD</home/ubuntu/cuPQC>, "/usr/local/cuda-13.2/glibc-hwcaps/x86-64-v2/libstdc++.so.6", O_RDONLY|O_CLOEXEC) = -1 ENOENT (No such file or directory)
openat(AT_FDCWD</home/ubuntu/cuPQC>, "/usr/local/cuda-13.2/libstdc++.so.6", O_RDONLY|O_CLOEXEC) = -1 ENOENT (No such file or directory)
openat(AT_FDCWD</home/ubuntu/cuPQC>, "/usr/local/cuda-13.2/targets/x86_64-linux/lib/glibc-hwcaps/x86-64-v4/libstdc++.so.6", O_RDONLY|O_CLOEXEC) = -1 ENOENT (No such file or directory)
openat(AT_FDCWD</home/ubuntu/cuPQC>, "/usr/local/cuda-13.2/targets/x86_64-linux/lib/glibc-hwcaps/x86-64-v3/libstdc++.so.6", O_RDONLY|O_CLOEXEC) = -1 ENOENT (No such file or directory)
openat(AT_FDCWD</home/ubuntu/cuPQC>, "/usr/local/cuda-13.2/targets/x86_64-linux/lib/glibc-hwcaps/x86-64-v2/libstdc++.so.6", O_RDONLY|O_CLOEXEC) = -1 ENOENT (No such file or directory)
openat(AT_FDCWD</home/ubuntu/cuPQC>, "/usr/local/cuda-13.2/targets/x86_64-linux/lib/libstdc++.so.6", O_RDONLY|O_CLOEXEC) = -1 ENOENT (No such file or directory)
openat(AT_FDCWD</home/ubuntu/cuPQC>, "/usr/local/cuda-13.2/extras/CUPTI/lib64/glibc-hwcaps/x86-64-v4/libstdc++.so.6", O_RDONLY|O_CLOEXEC) = -1 ENOENT (No such file or directory)
openat(AT_FDCWD</home/ubuntu/cuPQC>, "/usr/local/cuda-13.2/extras/CUPTI/lib64/glibc-hwcaps/x86-64-v3/libstdc++.so.6", O_RDONLY|O_CLOEXEC) = -1 ENOENT (No such file or directory)
openat(AT_FDCWD</home/ubuntu/cuPQC>, "/usr/local/cuda-13.2/extras/CUPTI/lib64/glibc-hwcaps/x86-64-v2/libstdc++.so.6", O_RDONLY|O_CLOEXEC) = -1 ENOENT (No such file or directory)
openat(AT_FDCWD</home/ubuntu/cuPQC>, "/usr/local/cuda-13.2/extras/CUPTI/lib64/libstdc++.so.6", O_RDONLY|O_CLOEXEC) = -1 ENOENT (No such file or directory)
openat(AT_FDCWD</home/ubuntu/cuPQC>, "/opt/amazon/openmpi/lib/glibc-hwcaps/x86-64-v4/libstdc++.so.6", O_RDONLY|O_CLOEXEC) = -1 ENOENT (No such file or directory)
openat(AT_FDCWD</home/ubuntu/cuPQC>, "/opt/amazon/openmpi/lib/glibc-hwcaps/x86-64-v3/libstdc++.so.6", O_RDONLY|O_CLOEXEC) = -1 ENOENT (No such file or directory)
openat(AT_FDCWD</home/ubuntu/cuPQC>, "/opt/amazon/openmpi/lib/glibc-hwcaps/x86-64-v2/libstdc++.so.6", O_RDONLY|O_CLOEXEC) = -1 ENOENT (No such file or directory)
openat(AT_FDCWD</home/ubuntu/cuPQC>, "/opt/amazon/openmpi/lib/libstdc++.so.6", O_RDONLY|O_CLOEXEC) = -1 ENOENT (No such file or directory)
openat(AT_FDCWD</home/ubuntu/cuPQC>, "/usr/local/lib/glibc-hwcaps/x86-64-v4/libstdc++.so.6", O_RDONLY|O_CLOEXEC) = -1 ENOENT (No such file or directory)
openat(AT_FDCWD</home/ubuntu/cuPQC>, "/usr/local/lib/glibc-hwcaps/x86-64-v3/libstdc++.so.6", O_RDONLY|O_CLOEXEC) = -1 ENOENT (No such file or directory)
openat(AT_FDCWD</home/ubuntu/cuPQC>, "/usr/local/lib/glibc-hwcaps/x86-64-v2/libstdc++.so.6", O_RDONLY|O_CLOEXEC) = -1 ENOENT (No such file or directory)
openat(AT_FDCWD</home/ubuntu/cuPQC>, "/usr/local/lib/libstdc++.so.6", O_RDONLY|O_CLOEXEC) = -1 ENOENT (No such file or directory)
openat(AT_FDCWD</home/ubuntu/cuPQC>, "/usr/lib/glibc-hwcaps/x86-64-v4/libstdc++.so.6", O_RDONLY|O_CLOEXEC) = -1 ENOENT (No such file or directory)
openat(AT_FDCWD</home/ubuntu/cuPQC>, "/usr/lib/glibc-hwcaps/x86-64-v3/libstdc++.so.6", O_RDONLY|O_CLOEXEC) = -1 ENOENT (No such file or directory)
openat(AT_FDCWD</home/ubuntu/cuPQC>, "/usr/lib/glibc-hwcaps/x86-64-v2/libstdc++.so.6", O_RDONLY|O_CLOEXEC) = -1 ENOENT (No such file or directory)
openat(AT_FDCWD</home/ubuntu/cuPQC>, "/usr/lib/libstdc++.so.6", O_RDONLY|O_CLOEXEC) = -1 ENOENT (No such file or directory)
openat(AT_FDCWD</home/ubuntu/cuPQC>, "/etc/ld.so.cache", O_RDONLY|O_CLOEXEC) = 3</etc/ld.so.cache>
openat(AT_FDCWD</home/ubuntu/cuPQC>, "/lib/x86_64-linux-gnu/libstdc++.so.6", O_RDONLY|O_CLOEXEC) = 3</usr/lib/x86_64-linux-gnu/libstdc++.so.6.0.33>
read(3</usr/lib/x86_64-linux-gnu/libstdc++.so.6.0.33>, "\177ELF\2\1\1\3\0\0\0\0\0\0\0\0\3\0>\0\1\0\0\0\0\0\0\0\0\0\0\0"..., 832) = 832
openat(AT_FDCWD</home/ubuntu/cuPQC>, "/usr/local/cuda-12.8/lib64/libgcc_s.so.1", O_RDONLY|O_CLOEXEC) = -1 ENOENT (No such file or directory)
openat(AT_FDCWD</home/ubuntu/cuPQC>, "/usr/local/cuda-13.2/lib/libgcc_s.so.1", O_RDONLY|O_CLOEXEC) = -1 ENOENT (No such file or directory)
openat(AT_FDCWD</home/ubuntu/cuPQC>, "/usr/local/cuda-13.2/lib64/libgcc_s.so.1", O_RDONLY|O_CLOEXEC) = -1 ENOENT (No such file or directory)
openat(AT_FDCWD</home/ubuntu/cuPQC>, "/usr/local/cuda-13.2/libgcc_s.so.1", O_RDONLY|O_CLOEXEC) = -1 ENOENT (No such file or directory)
openat(AT_FDCWD</home/ubuntu/cuPQC>, "/usr/local/cuda-13.2/targets/x86_64-linux/lib/libgcc_s.so.1", O_RDONLY|O_CLOEXEC) = -1 ENOENT (No such file or directory)
openat(AT_FDCWD</home/ubuntu/cuPQC>, "/usr/local/cuda-13.2/extras/CUPTI/lib64/libgcc_s.so.1", O_RDONLY|O_CLOEXEC) = -1 ENOENT (No such file or directory)
openat(AT_FDCWD</home/ubuntu/cuPQC>, "/opt/amazon/openmpi/lib/libgcc_s.so.1", O_RDONLY|O_CLOEXEC) = -1 ENOENT (No such file or directory)
openat(AT_FDCWD</home/ubuntu/cuPQC>, "/usr/local/lib/libgcc_s.so.1", O_RDONLY|O_CLOEXEC) = -1 ENOENT (No such file or directory)
openat(AT_FDCWD</home/ubuntu/cuPQC>, "/usr/lib/libgcc_s.so.1", O_RDONLY|O_CLOEXEC) = -1 ENOENT (No such file or directory)
openat(AT_FDCWD</home/ubuntu/cuPQC>, "/lib/x86_64-linux-gnu/libgcc_s.so.1", O_RDONLY|O_CLOEXEC) = 3</usr/lib/x86_64-linux-gnu/libgcc_s.so.1>
read(3</usr/lib/x86_64-linux-gnu/libgcc_s.so.1>, "\177ELF\2\1\1\0\0\0\0\0\0\0\0\0\3\0>\0\1\0\0\0\0\0\0\0\0\0\0\0"..., 832) = 832
openat(AT_FDCWD</home/ubuntu/cuPQC>, "/usr/local/cuda-12.8/lib64/libc.so.6", O_RDONLY|O_CLOEXEC) = -1 ENOENT (No such file or directory)
openat(AT_FDCWD</home/ubuntu/cuPQC>, "/usr/local/cuda-13.2/lib/libc.so.6", O_RDONLY|O_CLOEXEC) = -1 ENOENT (No such file or directory)
openat(AT_FDCWD</home/ubuntu/cuPQC>, "/usr/local/cuda-13.2/lib64/libc.so.6", O_RDONLY|O_CLOEXEC) = -1 ENOENT (No such file or directory)
openat(AT_FDCWD</home/ubuntu/cuPQC>, "/usr/local/cuda-13.2/libc.so.6", O_RDONLY|O_CLOEXEC) = -1 ENOENT (No such file or directory)
openat(AT_FDCWD</home/ubuntu/cuPQC>, "/usr/local/cuda-13.2/targets/x86_64-linux/lib/libc.so.6", O_RDONLY|O_CLOEXEC) = -1 ENOENT (No such file or directory)
openat(AT_FDCWD</home/ubuntu/cuPQC>, "/usr/local/cuda-13.2/extras/CUPTI/lib64/libc.so.6", O_RDONLY|O_CLOEXEC) = -1 ENOENT (No such file or directory)
openat(AT_FDCWD</home/ubuntu/cuPQC>, "/opt/amazon/openmpi/lib/libc.so.6", O_RDONLY|O_CLOEXEC) = -1 ENOENT (No such file or directory)
openat(AT_FDCWD</home/ubuntu/cuPQC>, "/usr/local/lib/libc.so.6", O_RDONLY|O_CLOEXEC) = -1 ENOENT (No such file or directory)
openat(AT_FDCWD</home/ubuntu/cuPQC>, "/usr/lib/libc.so.6", O_RDONLY|O_CLOEXEC) = -1 ENOENT (No such file or directory)
openat(AT_FDCWD</home/ubuntu/cuPQC>, "/lib/x86_64-linux-gnu/libc.so.6", O_RDONLY|O_CLOEXEC) = 3</usr/lib/x86_64-linux-gnu/libc.so.6>
read(3</usr/lib/x86_64-linux-gnu/libc.so.6>, "\177ELF\2\1\1\3\0\0\0\0\0\0\0\0\3\0>\0\1\0\0\0\220\243\2\0\0\0\0\0"..., 832) = 832
openat(AT_FDCWD</home/ubuntu/cuPQC>, "/usr/local/cuda-12.8/lib64/libm.so.6", O_RDONLY|O_CLOEXEC) = -1 ENOENT (No such file or directory)
openat(AT_FDCWD</home/ubuntu/cuPQC>, "/usr/local/cuda-13.2/lib/libm.so.6", O_RDONLY|O_CLOEXEC) = -1 ENOENT (No such file or directory)
openat(AT_FDCWD</home/ubuntu/cuPQC>, "/usr/local/cuda-13.2/lib64/libm.so.6", O_RDONLY|O_CLOEXEC) = -1 ENOENT (No such file or directory)
openat(AT_FDCWD</home/ubuntu/cuPQC>, "/usr/local/cuda-13.2/libm.so.6", O_RDONLY|O_CLOEXEC) = -1 ENOENT (No such file or directory)
openat(AT_FDCWD</home/ubuntu/cuPQC>, "/usr/local/cuda-13.2/targets/x86_64-linux/lib/libm.so.6", O_RDONLY|O_CLOEXEC) = -1 ENOENT (No such file or directory)
openat(AT_FDCWD</home/ubuntu/cuPQC>, "/usr/local/cuda-13.2/extras/CUPTI/lib64/libm.so.6", O_RDONLY|O_CLOEXEC) = -1 ENOENT (No such file or directory)
openat(AT_FDCWD</home/ubuntu/cuPQC>, "/opt/amazon/openmpi/lib/libm.so.6", O_RDONLY|O_CLOEXEC) = -1 ENOENT (No such file or directory)
openat(AT_FDCWD</home/ubuntu/cuPQC>, "/usr/local/lib/libm.so.6", O_RDONLY|O_CLOEXEC) = -1 ENOENT (No such file or directory)
openat(AT_FDCWD</home/ubuntu/cuPQC>, "/usr/lib/libm.so.6", O_RDONLY|O_CLOEXEC) = -1 ENOENT (No such file or directory)
openat(AT_FDCWD</home/ubuntu/cuPQC>, "/lib/x86_64-linux-gnu/libm.so.6", O_RDONLY|O_CLOEXEC) = 3</usr/lib/x86_64-linux-gnu/libm.so.6>
read(3</usr/lib/x86_64-linux-gnu/libm.so.6>, "\177ELF\2\1\1\3\0\0\0\0\0\0\0\0\3\0>\0\1\0\0\0\0\0\0\0\0\0\0\0"..., 832) = 832
getrandom("\xaf\x2e\x96\xd9\xa9\xbc\x89\x2c", 8, GRND_NONBLOCK) = 8
[probe] subject=cupqc_get_entropy variant=encaps mode=batchcorr
openat(AT_FDCWD</home/ubuntu/cuPQC>, "/usr/local/cuda-12.8/lib64/libcuda.so.1", O_RDONLY|O_CLOEXEC) = -1 ENOENT (No such file or directory)
openat(AT_FDCWD</home/ubuntu/cuPQC>, "/usr/local/cuda-13.2/lib/libcuda.so.1", O_RDONLY|O_CLOEXEC) = -1 ENOENT (No such file or directory)
openat(AT_FDCWD</home/ubuntu/cuPQC>, "/usr/local/cuda-13.2/lib64/libcuda.so.1", O_RDONLY|O_CLOEXEC) = -1 ENOENT (No such file or directory)
openat(AT_FDCWD</home/ubuntu/cuPQC>, "/usr/local/cuda-13.2/libcuda.so.1", O_RDONLY|O_CLOEXEC) = -1 ENOENT (No such file or directory)
openat(AT_FDCWD</home/ubuntu/cuPQC>, "/usr/local/cuda-13.2/targets/x86_64-linux/lib/libcuda.so.1", O_RDONLY|O_CLOEXEC) = -1 ENOENT (No such file or directory)
openat(AT_FDCWD</home/ubuntu/cuPQC>, "/usr/local/cuda-13.2/extras/CUPTI/lib64/libcuda.so.1", O_RDONLY|O_CLOEXEC) = -1 ENOENT (No such file or directory)
openat(AT_FDCWD</home/ubuntu/cuPQC>, "/opt/amazon/openmpi/lib/libcuda.so.1", O_RDONLY|O_CLOEXEC) = -1 ENOENT (No such file or directory)
openat(AT_FDCWD</home/ubuntu/cuPQC>, "/usr/local/lib/libcuda.so.1", O_RDONLY|O_CLOEXEC) = -1 ENOENT (No such file or directory)
openat(AT_FDCWD</home/ubuntu/cuPQC>, "/usr/lib/libcuda.so.1", O_RDONLY|O_CLOEXEC) = -1 ENOENT (No such file or directory)
openat(AT_FDCWD</home/ubuntu/cuPQC>, "/etc/ld.so.cache", O_RDONLY|O_CLOEXEC) = 3</etc/ld.so.cache>
openat(AT_FDCWD</home/ubuntu/cuPQC>, "/lib/x86_64-linux-gnu/libcuda.so.1", O_RDONLY|O_CLOEXEC) = 3</usr/lib/x86_64-linux-gnu/libcuda.so.595.71.05>
read(3</usr/lib/x86_64-linux-gnu/libcuda.so.595.71.05>, "\177ELF\2\1\1\0\0\0\0\0\0\0\0\0\3\0>\0\1\0\0\0\0N\26\0\0\0\0\0"..., 832) = 832
openat(AT_FDCWD</home/ubuntu/cuPQC>, "/usr/local/cuda-12.8/lib64/libpthread.so.0", O_RDONLY|O_CLOEXEC) = -1 ENOENT (No such file or directory)
openat(AT_FDCWD</home/ubuntu/cuPQC>, "/usr/local/cuda-13.2/lib/libpthread.so.0", O_RDONLY|O_CLOEXEC) = -1 ENOENT (No such file or directory)
openat(AT_FDCWD</home/ubuntu/cuPQC>, "/usr/local/cuda-13.2/lib64/libpthread.so.0", O_RDONLY|O_CLOEXEC) = -1 ENOENT (No such file or directory)
openat(AT_FDCWD</home/ubuntu/cuPQC>, "/usr/local/cuda-13.2/libpthread.so.0", O_RDONLY|O_CLOEXEC) = -1 ENOENT (No such file or directory)
openat(AT_FDCWD</home/ubuntu/cuPQC>, "/usr/local/cuda-13.2/targets/x86_64-linux/lib/libpthread.so.0", O_RDONLY|O_CLOEXEC) = -1 ENOENT (No such file or directory)
openat(AT_FDCWD</home/ubuntu/cuPQC>, "/usr/local/cuda-13.2/extras/CUPTI/lib64/libpthread.so.0", O_RDONLY|O_CLOEXEC) = -1 ENOENT (No such file or directory)
openat(AT_FDCWD</home/ubuntu/cuPQC>, "/opt/amazon/openmpi/lib/libpthread.so.0", O_RDONLY|O_CLOEXEC) = -1 ENOENT (No such file or directory)
openat(AT_FDCWD</home/ubuntu/cuPQC>, "/usr/local/lib/libpthread.so.0", O_RDONLY|O_CLOEXEC) = -1 ENOENT (No such file or directory)
openat(AT_FDCWD</home/ubuntu/cuPQC>, "/usr/lib/libpthread.so.0", O_RDONLY|O_CLOEXEC) = -1 ENOENT (No such file or directory)
openat(AT_FDCWD</home/ubuntu/cuPQC>, "/lib/x86_64-linux-gnu/libpthread.so.0", O_RDONLY|O_CLOEXEC) = 3</usr/lib/x86_64-linux-gnu/libpthread.so.0>
read(3</usr/lib/x86_64-linux-gnu/libpthread.so.0>, "\177ELF\2\1\1\0\0\0\0\0\0\0\0\0\3\0>\0\1\0\0\0\0\0\0\0\0\0\0\0"..., 832) = 832
openat(AT_FDCWD</home/ubuntu/cuPQC>, "/usr/local/cuda-12.8/lib64/libdl.so.2", O_RDONLY|O_CLOEXEC) = -1 ENOENT (No such file or directory)
openat(AT_FDCWD</home/ubuntu/cuPQC>, "/usr/local/cuda-13.2/lib/libdl.so.2", O_RDONLY|O_CLOEXEC) = -1 ENOENT (No such file or directory)
openat(AT_FDCWD</home/ubuntu/cuPQC>, "/usr/local/cuda-13.2/lib64/libdl.so.2", O_RDONLY|O_CLOEXEC) = -1 ENOENT (No such file or directory)
openat(AT_FDCWD</home/ubuntu/cuPQC>, "/usr/local/cuda-13.2/libdl.so.2", O_RDONLY|O_CLOEXEC) = -1 ENOENT (No such file or directory)
openat(AT_FDCWD</home/ubuntu/cuPQC>, "/usr/local/cuda-13.2/targets/x86_64-linux/lib/libdl.so.2", O_RDONLY|O_CLOEXEC) = -1 ENOENT (No such file or directory)
openat(AT_FDCWD</home/ubuntu/cuPQC>, "/usr/local/cuda-13.2/extras/CUPTI/lib64/libdl.so.2", O_RDONLY|O_CLOEXEC) = -1 ENOENT (No such file or directory)
openat(AT_FDCWD</home/ubuntu/cuPQC>, "/opt/amazon/openmpi/lib/libdl.so.2", O_RDONLY|O_CLOEXEC) = -1 ENOENT (No such file or directory)
openat(AT_FDCWD</home/ubuntu/cuPQC>, "/usr/local/lib/libdl.so.2", O_RDONLY|O_CLOEXEC) = -1 ENOENT (No such file or directory)
openat(AT_FDCWD</home/ubuntu/cuPQC>, "/usr/lib/libdl.so.2", O_RDONLY|O_CLOEXEC) = -1 ENOENT (No such file or directory)
openat(AT_FDCWD</home/ubuntu/cuPQC>, "/lib/x86_64-linux-gnu/libdl.so.2", O_RDONLY|O_CLOEXEC) = 3</usr/lib/x86_64-linux-gnu/libdl.so.2>
read(3</usr/lib/x86_64-linux-gnu/libdl.so.2>, "\177ELF\2\1\1\0\0\0\0\0\0\0\0\0\3\0>\0\1\0\0\0\0\0\0\0\0\0\0\0"..., 832) = 832
openat(AT_FDCWD</home/ubuntu/cuPQC>, "/usr/local/cuda-12.8/lib64/librt.so.1", O_RDONLY|O_CLOEXEC) = -1 ENOENT (No such file or directory)
openat(AT_FDCWD</home/ubuntu/cuPQC>, "/usr/local/cuda-13.2/lib/librt.so.1", O_RDONLY|O_CLOEXEC) = -1 ENOENT (No such file or directory)
openat(AT_FDCWD</home/ubuntu/cuPQC>, "/usr/local/cuda-13.2/lib64/librt.so.1", O_RDONLY|O_CLOEXEC) = -1 ENOENT (No such file or directory)
openat(AT_FDCWD</home/ubuntu/cuPQC>, "/usr/local/cuda-13.2/librt.so.1", O_RDONLY|O_CLOEXEC) = -1 ENOENT (No such file or directory)
openat(AT_FDCWD</home/ubuntu/cuPQC>, "/usr/local/cuda-13.2/targets/x86_64-linux/lib/librt.so.1", O_RDONLY|O_CLOEXEC) = -1 ENOENT (No such file or directory)
openat(AT_FDCWD</home/ubuntu/cuPQC>, "/usr/local/cuda-13.2/extras/CUPTI/lib64/librt.so.1", O_RDONLY|O_CLOEXEC) = -1 ENOENT (No such file or directory)
openat(AT_FDCWD</home/ubuntu/cuPQC>, "/opt/amazon/openmpi/lib/librt.so.1", O_RDONLY|O_CLOEXEC) = -1 ENOENT (No such file or directory)
openat(AT_FDCWD</home/ubuntu/cuPQC>, "/usr/local/lib/librt.so.1", O_RDONLY|O_CLOEXEC) = -1 ENOENT (No such file or directory)
openat(AT_FDCWD</home/ubuntu/cuPQC>, "/usr/lib/librt.so.1", O_RDONLY|O_CLOEXEC) = -1 ENOENT (No such file or directory)
openat(AT_FDCWD</home/ubuntu/cuPQC>, "/lib/x86_64-linux-gnu/librt.so.1", O_RDONLY|O_CLOEXEC) = 3</usr/lib/x86_64-linux-gnu/librt.so.1>
read(3</usr/lib/x86_64-linux-gnu/librt.so.1>, "\177ELF\2\1\1\0\0\0\0\0\0\0\0\0\3\0>\0\1\0\0\0\0\0\0\0\0\0\0\0"..., 832) = 832
openat(AT_FDCWD</home/ubuntu/cuPQC>, "/sys/devices/system/cpu/online", O_RDONLY|O_CLOEXEC) = 3</sys/devices/system/cpu/online>
read(3</sys/devices/system/cpu/online>, "0-7\n", 1024) = 4
openat(AT_FDCWD</home/ubuntu/cuPQC>, "/sys/devices/system/cpu/online", O_RDONLY|O_CLOEXEC) = 3</sys/devices/system/cpu/online>
read(3</sys/devices/system/cpu/online>, "0-7\n", 1024) = 4
openat(AT_FDCWD</home/ubuntu/cuPQC>, "/proc/sys/vm/mmap_min_addr", O_RDONLY) = 3</proc/sys/vm/mmap_min_addr>
read(3</proc/sys/vm/mmap_min_addr>, "65536\n", 1024) = 6
openat(AT_FDCWD</home/ubuntu/cuPQC>, "/proc/cpuinfo", O_RDONLY) = 3</proc/cpuinfo>
read(3</proc/cpuinfo>, "processor\t: 0\nvendor_id\t: Genuin"..., 1024) = 1024
read(3</proc/cpuinfo>, "mio_stale_data retbleed gds bhi "..., 1024) = 1024
openat(AT_FDCWD</home/ubuntu/cuPQC>, "/proc/self/maps", O_RDONLY) = 3</proc/3464/maps>
read(3</proc/3464/maps>, "5a19dd3a8000-5a19dd3b1000 r--p 0"..., 1024) = 1024
read(3</proc/3464/maps>, "_64-linux-gnu/libcuda.so.595.71."..., 1024) = 1024
read(3</proc/3464/maps>, ".6\n7d2e01327000-7d2e013a6000 r-x"..., 1024) = 1024
read(3</proc/3464/maps>, "so.6.0.33\n7d2e0167a000-7d2e0167e"..., 1024) = 1024
read(3</proc/3464/maps>, "_64-linux-gnu/libdl.so.2\n7d2e016"..., 1024) = 1024
read(3</proc/3464/maps>, " 103:02 6506                    "..., 1024) = 1024
read(3</proc/3464/maps>, "     /usr/lib/x86_64-linux-gnu/l"..., 1024) = 337
openat(AT_FDCWD</home/ubuntu/cuPQC>, "/sys/devices/system/cpu/online", O_RDONLY|O_CLOEXEC) = 3</sys/devices/system/cpu/online>
read(3</sys/devices/system/cpu/online>, "0-7\n", 1024) = 4
strace: Process 3465 attached
[pid  3464] openat(AT_FDCWD</home/ubuntu/cuPQC>, "/proc/self/task/3465/comm", O_WRONLY|O_CREAT|O_TRUNC, 0666) = 8</proc/3464/task/3465/comm>
[pid  3465] read(3<anon_inode:[eventfd]>,  <unfinished ...>
[pid  3464] openat(AT_FDCWD</home/ubuntu/cuPQC>, "/dev/shm/cuda_injection_path_shm", O_RDWR|O_NOFOLLOW|O_CLOEXEC <unfinished ...>
[pid  3465] <... read resumed>"\1\0\0\0\0\0\0\0", 8) = 8
[pid  3464] <... openat resumed>)       = -1 ENOENT (No such file or directory)
[pid  3464] openat(AT_FDCWD</home/ubuntu/cuPQC>, "/home/ubuntu/.nv/nvidia-application-profile-globals-rc", O_RDONLY) = -1 ENOENT (No such file or directory)
[pid  3464] openat(AT_FDCWD</home/ubuntu/cuPQC>, "/home/ubuntu/.nv/nvidia-application-profiles-rc", O_RDONLY) = -1 ENOENT (No such file or directory)
[pid  3464] openat(AT_FDCWD</home/ubuntu/cuPQC>, "/home/ubuntu/.nv/nvidia-application-profiles-rc.d", O_RDONLY) = -1 ENOENT (No such file or directory)
[pid  3464] openat(AT_FDCWD</home/ubuntu/cuPQC>, "/etc/nvidia/nvidia-application-profiles-rc", O_RDONLY) = -1 ENOENT (No such file or directory)
[pid  3464] openat(AT_FDCWD</home/ubuntu/cuPQC>, "/etc/nvidia/nvidia-application-profiles-rc.d/", O_RDONLY) = -1 ENOENT (No such file or directory)
[pid  3464] openat(AT_FDCWD</home/ubuntu/cuPQC>, "/usr/share/nvidia/nvidia-application-profiles-595.71.05-rc", O_RDONLY) = 8</usr/share/nvidia/nvidia-application-profiles-595.71.05-rc>
[pid  3464] read(8</usr/share/nvidia/nvidia-application-profiles-595.71.05-rc>, "# Application profiles for the N"..., 20480) = 20480
[pid  3464] read(8</usr/share/nvidia/nvidia-application-profiles-595.71.05-rc>, "VidMem Reuse\" },\n        { \"patt"..., 4096) = 1195
[pid  3464] openat(AT_FDCWD</home/ubuntu/cuPQC>, "/usr/share/nvidia/nvidia-application-profiles-rc", O_RDONLY) = -1 ENOENT (No such file or directory)
[pid  3464] openat(AT_FDCWD</home/ubuntu/cuPQC>, "/proc/self/cmdline", O_RDONLY) = 8</proc/3464/cmdline>
[pid  3464] read(8</proc/3464/cmdline>, "./harness/entropy_probe\0batchcor"..., 4096) = 77
[pid  3464] read(8</proc/3464/cmdline>, "", 3072) = 0
[pid  3464] openat(AT_FDCWD</home/ubuntu/cuPQC>, "/proc/driver/nvidia/params", O_RDONLY) = 8</proc/driver/nvidia/params>
[pid  3464] read(8</proc/driver/nvidia/params>, "ResmanDebugLevel: 4294967295\nRmL"..., 1024) = 1024
[pid  3464] openat(AT_FDCWD</home/ubuntu/cuPQC>, "/dev/nvidiactl", O_RDWR) = 8</dev/nvidiactl<char 195:255>>
[pid  3464] openat(AT_FDCWD</home/ubuntu/cuPQC>, "/sys/devices/system/memory/block_size_bytes", O_RDONLY) = 9</sys/devices/system/memory/block_size_bytes>
[pid  3464] read(9</sys/devices/system/memory/block_size_bytes>, "8000000\n", 99) = 8
[pid  3464] openat(AT_FDCWD</home/ubuntu/cuPQC>, "/proc/driver/nvidia/params", O_RDONLY) = 8</proc/driver/nvidia/params>
[pid  3464] read(8</proc/driver/nvidia/params>, "ResmanDebugLevel: 4294967295\nRmL"..., 1024) = 1024
[pid  3464] openat(AT_FDCWD</home/ubuntu/cuPQC>, "/dev/nvidiactl", O_RDWR) = 8</dev/nvidiactl<char 195:255>>
[pid  3464] openat(AT_FDCWD</home/ubuntu/cuPQC>, "/sys/devices/system/memory/block_size_bytes", O_RDONLY) = 9</sys/devices/system/memory/block_size_bytes>
[pid  3464] read(9</sys/devices/system/memory/block_size_bytes>, "8000000\n", 99) = 8
[pid  3464] openat(AT_FDCWD</home/ubuntu/cuPQC>, "/sys/devices/system/cpu/online", O_RDONLY|O_CLOEXEC) = 9</sys/devices/system/cpu/online>
[pid  3464] read(9</sys/devices/system/cpu/online>, "0-7\n", 1024) = 4
[pid  3464] openat(AT_FDCWD</home/ubuntu/cuPQC>, "/proc/self/status", O_RDONLY) = 9</proc/3464/status>
[pid  3464] read(9</proc/3464/status>, "Name:\tentropy_probe\nUmask:\t0002\n"..., 1024) = 1024
[pid  3464] read(9</proc/3464/status>, "nch:\talways enabled\nCpus_allowed"..., 1024) = 493
[pid  3464] openat(AT_FDCWD</home/ubuntu/cuPQC>, "/sys/devices/system/node", O_RDONLY|O_NONBLOCK|O_CLOEXEC|O_DIRECTORY) = 9</sys/devices/system/node>
[pid  3464] openat(AT_FDCWD</home/ubuntu/cuPQC>, "/sys/devices/system/node/node0/cpumap", O_RDONLY) = 10</sys/devices/system/node/node0/cpumap>
[pid  3464] read(10</sys/devices/system/node/node0/cpumap>, "ff\n", 4096) = 3
[pid  3464] openat(AT_FDCWD</home/ubuntu/cuPQC>, "/proc/devices", O_RDONLY) = 9</proc/devices>
[pid  3464] read(9</proc/devices>, "Character devices:\n  1 mem\n  4 /"..., 1024) = 866
[pid  3464] openat(AT_FDCWD</home/ubuntu/cuPQC>, "/dev/nvidia-uvm", O_RDWR|O_CLOEXEC) = 9</dev/nvidia-uvm<char 509:0>>
[pid  3464] openat(AT_FDCWD</home/ubuntu/cuPQC>, "/dev/nvidia-uvm", O_RDWR|O_CLOEXEC) = 10</dev/nvidia-uvm<char 509:0>>
[pid  3464] openat(AT_FDCWD</home/ubuntu/cuPQC>, "/proc/driver/nvidia/params", O_RDONLY) = 11</proc/driver/nvidia/params>
[pid  3464] read(11</proc/driver/nvidia/params>, "ResmanDebugLevel: 4294967295\nRmL"..., 1024) = 1024
[pid  3464] openat(AT_FDCWD</home/ubuntu/cuPQC>, "/dev/nvidia0", O_RDWR|O_CLOEXEC) = 11</dev/nvidia0<char 195:0>>
[pid  3464] openat(AT_FDCWD</home/ubuntu/cuPQC>, "/proc/driver/nvidia/params", O_RDONLY) = 12</proc/driver/nvidia/params>
[pid  3464] read(12</proc/driver/nvidia/params>, "ResmanDebugLevel: 4294967295\nRmL"..., 1024) = 1024
[pid  3464] openat(AT_FDCWD</home/ubuntu/cuPQC>, "/dev/nvidia0", O_RDWR|O_CLOEXEC) = 12</dev/nvidia0<char 195:0>>
[pid  3464] openat(AT_FDCWD</home/ubuntu/cuPQC>, "/proc/driver/nvidia/params", O_RDONLY) = 13</proc/driver/nvidia/params>
[pid  3464] read(13</proc/driver/nvidia/params>, "ResmanDebugLevel: 4294967295\nRmL"..., 1024) = 1024
[pid  3464] openat(AT_FDCWD</home/ubuntu/cuPQC>, "/dev/nvidia0", O_RDWR|O_CLOEXEC) = 13</dev/nvidia0<char 195:0>>
[pid  3464] openat(AT_FDCWD</home/ubuntu/cuPQC>, "/dev/nvidia0", O_RDWR|O_CLOEXEC) = 14</dev/nvidia0<char 195:0>>
[pid  3464] openat(AT_FDCWD</home/ubuntu/cuPQC>, "/dev/nvidiactl", O_RDWR|O_CLOEXEC) = 14</dev/nvidiactl<char 195:255>>
[pid  3464] openat(AT_FDCWD</home/ubuntu/cuPQC>, "/sys/bus/pci/devices/0000:00:1e.0/numa_node", O_RDONLY) = 14</sys/devices/pci0000:00/0000:00:1e.0/numa_node>
[pid  3464] read(14</sys/devices/pci0000:00/0000:00:1e.0/numa_node>, "-1\n", 4096) = 3
[pid  3465] read(3<anon_inode:[eventfd]>, "\1\0\0\0\0\0\0\0", 8) = 8
[pid  3464] openat(AT_FDCWD</home/ubuntu/cuPQC>, "/etc/localtime", O_RDONLY|O_CLOEXEC) = 15</usr/share/zoneinfo/Etc/UTC>
[pid  3464] read(15</usr/share/zoneinfo/Etc/UTC>, "TZif2\0\0\0\0\0\0\0\0\0\0\0\0\0\0\0\0\0\0\0\0\0\0\0\0\0\0\0"..., 4096) = 114
[pid  3464] read(15</usr/share/zoneinfo/Etc/UTC>, "TZif2\0\0\0\0\0\0\0\0\0\0\0\0\0\0\0\0\0\0\0\0\0\0\0\0\0\0\0"..., 4096) = 60
strace: Process 3469 attached
[pid  3464] openat(AT_FDCWD</home/ubuntu/cuPQC>, "/dev/nvidia0", O_RDWR|O_CLOEXEC) = 16</dev/nvidia0<char 195:0>>
[pid  3464] openat(AT_FDCWD</home/ubuntu/cuPQC>, "/dev/nvidiactl", O_RDWR|O_CLOEXEC) = 16</dev/nvidiactl<char 195:255>>
[pid  3464] openat(AT_FDCWD</home/ubuntu/cuPQC>, "/dev/nvidiactl", O_RDWR|O_CLOEXEC) = 16</dev/nvidiactl<char 195:255>>
[pid  3464] openat(AT_FDCWD</home/ubuntu/cuPQC>, "/dev/nvidiactl", O_RDWR|O_CLOEXEC) = 16</dev/nvidiactl<char 195:255>>
[pid  3464] openat(AT_FDCWD</home/ubuntu/cuPQC>, "/dev/nvidiactl", O_RDWR|O_CLOEXEC) = 16</dev/nvidiactl<char 195:255>>
[pid  3464] openat(AT_FDCWD</home/ubuntu/cuPQC>, "/dev/nvidiactl", O_RDWR|O_CLOEXEC) = 16</dev/nvidiactl<char 195:255>>
[pid  3464] openat(AT_FDCWD</home/ubuntu/cuPQC>, "/dev/nvidiactl", O_RDWR|O_CLOEXEC) = 16</dev/nvidiactl<char 195:255>>
[pid  3464] openat(AT_FDCWD</home/ubuntu/cuPQC>, "/dev/nvidiactl", O_RDWR|O_CLOEXEC) = 16</dev/nvidiactl<char 195:255>>
[pid  3464] openat(AT_FDCWD</home/ubuntu/cuPQC>, "/dev/nvidiactl", O_RDWR|O_CLOEXEC) = 16</dev/nvidiactl<char 195:255>>
[pid  3464] openat(AT_FDCWD</home/ubuntu/cuPQC>, "/dev/nvidiactl", O_RDWR|O_CLOEXEC) = 16</dev/nvidiactl<char 195:255>>
[pid  3464] openat(AT_FDCWD</home/ubuntu/cuPQC>, "/dev/nvidiactl", O_RDWR|O_CLOEXEC) = 16</dev/nvidiactl<char 195:255>>
[pid  3464] openat(AT_FDCWD</home/ubuntu/cuPQC>, "/dev/nvidia0", O_RDWR|O_CLOEXEC) = 16</dev/nvidia0<char 195:0>>
[pid  3469] read(15<anon_inode:[eventfd]>, "\1\0\0\0\0\0\0\0", 8) = 8
[pid  3464] openat(AT_FDCWD</home/ubuntu/cuPQC>, "/dev/nvidiactl", O_RDWR|O_CLOEXEC) = 18</dev/nvidiactl<char 195:255>>
[pid  3464] openat(AT_FDCWD</home/ubuntu/cuPQC>, "/dev/nvidiactl", O_RDWR|O_CLOEXEC) = 18</dev/nvidiactl<char 195:255>>
[pid  3464] openat(AT_FDCWD</home/ubuntu/cuPQC>, "/dev/nvidiactl", O_RDWR|O_CLOEXEC) = 18</dev/nvidiactl<char 195:255>>
[pid  3464] openat(AT_FDCWD</home/ubuntu/cuPQC>, "/dev/nvidiactl", O_RDWR|O_CLOEXEC) = 18</dev/nvidiactl<char 195:255>>
[pid  3464] openat(AT_FDCWD</home/ubuntu/cuPQC>, "/dev/nvidia0", O_RDWR|O_CLOEXEC) = 18</dev/nvidia0<char 195:0>>
[pid  3469] read(15<anon_inode:[eventfd]>, "\1\0\0\0\0\0\0\0", 8) = 8
[pid  3464] openat(AT_FDCWD</home/ubuntu/cuPQC>, "/dev/nvidiactl", O_RDWR|O_CLOEXEC) = 20</dev/nvidiactl<char 195:255>>
[pid  3464] openat(AT_FDCWD</home/ubuntu/cuPQC>, "/dev/nvidiactl", O_RDWR|O_CLOEXEC) = 20</dev/nvidiactl<char 195:255>>
[pid  3464] openat(AT_FDCWD</home/ubuntu/cuPQC>, "/dev/nvidiactl", O_RDWR|O_CLOEXEC) = 20</dev/nvidiactl<char 195:255>>
[pid  3464] openat(AT_FDCWD</home/ubuntu/cuPQC>, "/dev/nvidiactl", O_RDWR|O_CLOEXEC) = 20</dev/nvidiactl<char 195:255>>
[pid  3464] openat(AT_FDCWD</home/ubuntu/cuPQC>, "/dev/nvidia0", O_RDWR|O_CLOEXEC) = 20</dev/nvidia0<char 195:0>>
[pid  3469] read(15<anon_inode:[eventfd]>, "\1\0\0\0\0\0\0\0", 8) = 8
[pid  3464] openat(AT_FDCWD</home/ubuntu/cuPQC>, "/dev/nvidiactl", O_RDWR|O_CLOEXEC) = 22</dev/nvidiactl<char 195:255>>
[pid  3464] openat(AT_FDCWD</home/ubuntu/cuPQC>, "/dev/nvidiactl", O_RDWR|O_CLOEXEC) = 22</dev/nvidiactl<char 195:255>>
[pid  3464] openat(AT_FDCWD</home/ubuntu/cuPQC>, "/dev/nvidiactl", O_RDWR|O_CLOEXEC) = 22</dev/nvidiactl<char 195:255>>
[pid  3464] openat(AT_FDCWD</home/ubuntu/cuPQC>, "/dev/nvidiactl", O_RDWR|O_CLOEXEC) = 22</dev/nvidiactl<char 195:255>>
[pid  3464] openat(AT_FDCWD</home/ubuntu/cuPQC>, "/dev/nvidia0", O_RDWR|O_CLOEXEC) = 22</dev/nvidia0<char 195:0>>
[pid  3469] read(15<anon_inode:[eventfd]>, "\1\0\0\0\0\0\0\0", 8) = 8
[pid  3464] openat(AT_FDCWD</home/ubuntu/cuPQC>, "/dev/nvidiactl", O_RDWR|O_CLOEXEC) = 24</dev/nvidiactl<char 195:255>>
[pid  3469] read(15<anon_inode:[eventfd]>, "\1\0\0\0\0\0\0\0", 8) = 8
[pid  3464] openat(AT_FDCWD</home/ubuntu/cuPQC>, "/dev/nvidiactl", O_RDWR|O_CLOEXEC) = 25</dev/nvidiactl<char 195:255>>
[pid  3464] openat(AT_FDCWD</home/ubuntu/cuPQC>, "/dev/nvidiactl", O_RDWR|O_CLOEXEC) = 25</dev/nvidiactl<char 195:255>>
[pid  3464] openat(AT_FDCWD</home/ubuntu/cuPQC>, "/dev/nvidiactl", O_RDWR|O_CLOEXEC) = 25</dev/nvidiactl<char 195:255>>
[pid  3464] openat(AT_FDCWD</home/ubuntu/cuPQC>, "/dev/nvidia0", O_RDWR|O_CLOEXEC) = 25</dev/nvidia0<char 195:0>>
[pid  3469] read(15<anon_inode:[eventfd]>, "\1\0\0\0\0\0\0\0", 8) = 8
[pid  3464] openat(AT_FDCWD</home/ubuntu/cuPQC>, "/dev/nvidia0", O_RDWR|O_CLOEXEC) = 27</dev/nvidia0<char 195:0>>
[pid  3469] read(15<anon_inode:[eventfd]>, "\1\0\0\0\0\0\0\0", 8) = 8
[pid  3464] openat(AT_FDCWD</home/ubuntu/cuPQC>, "/dev/nvidia0", O_RDWR|O_CLOEXEC) = 29</dev/nvidia0<char 195:0>>
[pid  3469] read(15<anon_inode:[eventfd]>, "\1\0\0\0\0\0\0\0", 8) = 8
[pid  3464] openat(AT_FDCWD</home/ubuntu/cuPQC>, "/dev/nvidia0", O_RDWR|O_CLOEXEC) = 31</dev/nvidia0<char 195:0>>
[pid  3469] read(15<anon_inode:[eventfd]>, "\1\0\0\0\0\0\0\0", 8) = 8
[pid  3464] openat(AT_FDCWD</home/ubuntu/cuPQC>, "/sys/devices/system/cpu/online", O_RDONLY|O_CLOEXEC) = 33</sys/devices/system/cpu/online>
[pid  3464] read(33</sys/devices/system/cpu/online>, "0-7\n", 1024) = 4
[pid  3464] openat(AT_FDCWD</home/ubuntu/cuPQC>, "/proc/self/task/3469/comm", O_WRONLY|O_CREAT|O_TRUNC, 0666) = 33</proc/3464/task/3469/comm>
strace: Process 3470 attached
[pid  3470] read(35<anon_inode:[eventfd]>, "\1\0\0\0\0\0\0\0", 8) = 8
[pid  3469] read(15<anon_inode:[eventfd]>, "\1\0\0\0\0\0\0\0", 8) = 8
[pid  3464] openat(AT_FDCWD</home/ubuntu/cuPQC>, "/dev/nvidiactl", O_RDWR|O_CLOEXEC) = 38</dev/nvidiactl<char 195:255>>
[pid  3464] openat(AT_FDCWD</home/ubuntu/cuPQC>, "/dev/urandom", O_RDWR) = 38</dev/urandom<char 1:9>>
[pid  3464] read(38</dev/urandom<char 1:9>>, "\215-\0\327\2535Z\220\277\374\35\253\3\1\356\v\1g\351\217\322BOdLZ\247*N\241\363\217"..., 32768) = 32768
[pid  3464] openat(AT_FDCWD</home/ubuntu/cuPQC>, "data/_prov.matrix.bin", O_WRONLY|O_CREAT|O_TRUNC, 0666) = 38</home/ubuntu/cuPQC/data/_prov.matrix.bin>
[batchcorr] wrote 1024 x 32 matrix -> data/_prov.matrix.bin
[pid  3464] openat(AT_FDCWD</home/ubuntu/cuPQC>, "data/_prov.meta.json", O_WRONLY|O_CREAT|O_TRUNC, 0666) = 38</home/ubuntu/cuPQC/data/_prov.meta.json>
[meta] wrote data/_prov.meta.json
[pid  3470] +++ exited with 0 +++
[pid  3469] +++ exited with 0 +++
[pid  3465] +++ exited with 0 +++
+++ exited with 0 +++
